<link rel="stylesheet" type="text/css" href= " /css/toReplace/firstTestReplaced.css"/>
<script type="text/javascript" src=" /toReplace/firstTestReplaced/test.js "></script>
<script type="text/javascript" src=" /toReplace/firstTestReplaced/test.js" ></script>
<script type="text/javascript" src="http://firstTestReplaced.com/toReplace/test/test.js" ></script>
<img src="http://firstTestReplaced.com/toReplace/test/test.png">
<img src="/toReplace/firstTestReplaced/test.png">
<iframe src="http://firstTestReplaced.com/toReplace/test.html"/>